../Core/Src/main.c:98:6:Set_Servo_Angle	32	static
../Core/Src/main.c:119:5:main	104	static
../Core/Src/main.c:364:6:SystemClock_Config	88	static
../Core/Src/main.c:410:13:MX_ADC1_Init	24	static
../Core/Src/main.c:462:13:MX_ETH_Init	8	static
../Core/Src/main.c:511:13:MX_TIM2_Init	48	static
../Core/Src/main.c:560:13:MX_TIM4_Init	32	static
../Core/Src/main.c:605:13:MX_USART3_UART_Init	8	static
../Core/Src/main.c:638:13:MX_USB_OTG_FS_PCD_Init	8	static
../Core/Src/main.c:673:13:MX_GPIO_Init	56	static
../Core/Src/main.c:743:6:HAL_TIM_PeriodElapsedCallback	16	static
../Core/Src/main.c:755:6:Error_Handler	4	static,ignoring_inline_asm
