../Core/Src/main.c:107:6:Set_Servo_Angle	32	static
../Core/Src/main.c:129:5:main	96	static
../Core/Src/main.c:384:6:SystemClock_Config	88	static
../Core/Src/main.c:427:13:MX_ADC1_Init	24	static
../Core/Src/main.c:474:13:MX_ETH_Init	8	static
../Core/Src/main.c:519:13:MX_TIM2_Init	48	static
../Core/Src/main.c:562:13:MX_TIM4_Init	32	static
../Core/Src/main.c:601:13:MX_USART3_UART_Init	8	static
../Core/Src/main.c:630:13:MX_USB_OTG_FS_PCD_Init	8	static
../Core/Src/main.c:661:13:MX_GPIO_Init	56	static
../Core/Src/main.c:730:6:HAL_TIM_PeriodElapsedCallback	16	static
../Core/Src/main.c:742:6:Error_Handler	4	static,ignoring_inline_asm
